[2026-03-02 08:38:12] [INFO] info message
[2026-03-02 08:38:12] [WARN] warn message
[2026-03-02 08:38:12] [ERROR] error message
